C:\Users\Xeno\workspace2\Tournament Project\src\main\java\com\xenojava\tournament\modules\Settings.java
C:\Users\Xeno\workspace2\Tournament Project\src\main\java\com\xenojava\tournament\Module.java
C:\Users\Xeno\workspace2\Tournament Project\src\main\java\com\xenojava\tournament\utils\Json.java
C:\Users\Xeno\workspace2\Tournament Project\src\main\java\com\xenojava\tournament\Setting.java
C:\Users\Xeno\workspace2\Tournament Project\src\main\java\com\xenojava\tournament\tasks\TickApplication.java
C:\Users\Xeno\workspace2\Tournament Project\src\main\java\com\xenojava\tournament\api\TournamentAPI.java
C:\Users\Xeno\workspace2\Tournament Project\src\main\java\com\xenojava\tournament\tasks\ServerState.java
C:\Users\Xeno\workspace2\Tournament Project\src\main\java\com\xenojava\tournament\Tournament.java
C:\Users\Xeno\workspace2\Tournament Project\src\main\java\com\xenojava\tournament\Manager.java
C:\Users\Xeno\workspace2\Tournament Project\src\main\java\com\xenojava\tournament\api\TournamentColl.java
C:\Users\Xeno\workspace2\Tournament Project\src\main\java\com\xenojava\tournament\utils\Log.java
C:\Users\Xeno\workspace2\Tournament Project\src\main\java\com\xenojava\tournament\api\IBase.java
C:\Users\Xeno\workspace2\Tournament Project\src\main\java\com\xenojava\tournament\bukkit\TournamentPlugin.java
C:\Users\Xeno\workspace2\Tournament Project\src\main\java\com\xenojava\tournament\modules\Database.java
C:\Users\Xeno\workspace2\Tournament Project\src\main\java\com\xenojava\tournament\User.java
C:\Users\Xeno\workspace2\Tournament Project\src\main\java\com\xenojava\tournament\events\TournamentListener.java
C:\Users\Xeno\workspace2\Tournament Project\src\main\java\com\xenojava\tournament\api\events\ServerStatusChangeEvent.java
